ets Jul 29 2019 12:21:46

rst:0x1 (POWERON_RESET),boot:0x13 (SPI_FAST_FLASH_BOOT)
configsip: 0, SPIWP:0xee
clk_drv:0x00,q_drv:0x00,d_drv:0x00,cs0_drv:0x00,hd_drv:0x00,wp_drv:0x00
mode:DIO, clock div:2
load:0x3fff0030,len:7176
load:0x40078000,len:15564
ho 0 tail 12 room 4
load:0x40080400,len:4
load:0x40080404,len:3904
entry 0x40080640
[0;32mI (31) boot: ESP-IDF v5.3.1 2nd stage bootloader[0m
[0;32mI (31) boot: compile time Oct 14 2024 17:07:05[0m
[0;32mI (31) boot: Multicore bootloader[0m
[0;32mI (35) boot: chip revision: v3.1[0m
[0;32mI (39) boot.esp32: SPI Speed      : 40MHz[0m
[0;32mI (44) boot.esp32: SPI Mode       : DIO[0m
[0;32mI (48) boot.esp32: SPI Flash Size : 2MB[0m
[0;32mI (53) boot: Enabling RNG early entropy source...[0m
[0;32mI (58) boot: Partition Table:[0m
[0;32mI (62) boot: ## Label            Usage          Type ST Offset   Length[0m
[0;32mI (69) boot:  0 nvs              WiFi data        01 02 00009000 00006000[0m
[0;32mI (77) boot:  1 phy_init         RF data          01 01 0000f000 00001000[0m
[0;32mI (84) boot:  2 factory          factory app      00 00 00010000 00100000[0m
[0;32mI (92) boot: End of partition table[0m
[0;32mI (96) esp_image: segment 0: paddr=00010020 vaddr=3f400020 size=0ae9ch ( 44700) map[0m
[0;32mI (120) esp_image: segment 1: paddr=0001aec4 vaddr=3ffb0000 size=02374h (  9076) load[0m
[0;32mI (123) esp_image: segment 2: paddr=0001d240 vaddr=40080000 size=02dd8h ( 11736) load[0m
[0;32mI (130) esp_image: segment 3: paddr=00020020 vaddr=400d0020 size=17020h ( 94240) map[0m
[0;32mI (166) esp_image: segment 4: paddr=00037048 vaddr=40082dd8 size=0ac90h ( 44176) load[0m
[0;32mI (191) boot: Loaded app from partition at offset 0x10000[0m
[0;32mI (191) boot: Disabling RNG early entropy source...[0m
[0;32mI (203) cpu_start: Multicore app[0m
[0;32mI (211) cpu_start: Pro cpu start user code[0m
[0;32mI (211) cpu_start: cpu freq: 160000000 Hz[0m
[0;32mI (211) app_init: Application information:[0m
[0;32mI (214) app_init: Project name:     project-name[0m
[0;32mI (219) app_init: App version:      1[0m
[0;32mI (224) app_init: Compile time:     Oct 14 2024 17:07:00[0m
[0;32mI (230) app_init: ELF file SHA256:  0078b724c...[0m
[0;32mI (235) app_init: ESP-IDF:          v5.3.1[0m
[0;32mI (240) efuse_init: Min chip rev:     v0.0[0m
[0;32mI (244) efuse_init: Max chip rev:     v3.99 [0m
[0;32mI (249) efuse_init: Chip rev:         v3.1[0m
[0;32mI (254) heap_init: Initializing. RAM available for dynamic allocation:[0m
[0;32mI (262) heap_init: At 3FFAE6E0 len 00001920 (6 KiB): DRAM[0m
[0;32mI (267) heap_init: At 3FFB2C48 len 0002D3B8 (180 KiB): DRAM[0m
[0;32mI (274) heap_init: At 3FFE0440 len 00003AE0 (14 KiB): D/IRAM[0m
[0;32mI (280) heap_init: At 3FFE4350 len 0001BCB0 (111 KiB): D/IRAM[0m
[0;32mI (286) heap_init: At 4008DA68 len 00012598 (73 KiB): IRAM[0m
[0;32mI (294) spi_flash: detected chip: generic[0m
[0;32mI (297) spi_flash: flash io: dio[0m
[0;33mW (301) spi_flash: Detected size(4096k) larger than the size in the binary image header(2048k). Using the size in the binary image header.[0m
[0;32mI (315) main_task: Started on CPU0[0m
[0;32mI (325) main_task: Calling app_main()[0m
[0;32mI (325) gpio: GPIO[4]| InputEn: 0| OutputEn: 1| OpenDrain: 0| Pullup: 0| Pulldown: 0| In[2J[HMenu:
1 - Calibrar
2 - Mostrar valor calibrado
3 - Mostrar diferen√ßa
Escolha uma op√ß√£o: [0;32mI (335) main_task: Returned from app_main()[0m
[5;1H[KDist√¢ncia atual: 15.60 cmÔøΩÔøΩÔøΩÔøΩÔøΩÔøΩÔøΩÔøΩÔøΩÔøΩÔøΩÔøΩÔøΩÔøΩÔøΩÔøΩÔøΩÔøΩÔøΩÔøΩÔøΩÔøΩÔøΩÔøΩÔøΩÔøΩÔøΩÔøΩÔøΩÔøΩÔøΩÔøΩÔøΩÔøΩÔøΩÔøΩÔøΩÔøΩÔøΩÔøΩÔøΩÔøΩÔøΩÔøΩÔøΩÔøΩÔøΩÔøΩÔøΩÔøΩÔøΩÔøΩÔøΩÔøΩÔøΩÔøΩÔøΩÔøΩÔøΩÔøΩÔøΩÔøΩÔøΩÔøΩcm[4;19H[7;1H[KValor calibrado: 16.01 cm[4;19H[7;1H[KValor calibrado: 16.01 cm[4;19H[7;1H[KValor calibrado: 16.01 cm[4;19H[7;1H[KDist√¢ncia atual: 16.03 cm
Diferen√ßa em rela√ß√£o ao valor calibrado: -0.02 cm[4;19H[7;1H[KDist√¢ncia atual: 15.58 cm
Diferen√ßa em rela√ß√£o ao valor calibrado: 0.43 cm[4;19H[7;1H[KDist√¢ncia atual: 15.58 cm
Diferen√ßa em rela√ß√£o ao valor calibrado: 0.43 cm[4;19H[7;1H[KDist√¢ncia atual: 15.60 cm
Diferen√ßa em rela√ß√£o ao valor calibrado: 0.41 cm[4;19H[7;1H[KDist√¢ncia atual: 16.05 cm
Diferen√ßa em rela√ß√£o ao valor calibrado: -0.03 cm[4;19H[5;1H[KDist√¢ncia atual: 12.44 cm[5;1H[KDist√¢ncia atual: 6.96 cm[5;1H[KDist√¢ncia atual: 8.23 cm[5;1H[KDist√¢ncia atual: 10.00 cm[5;1H[KDist√¢ncia atual: 8.44 cm[5;1H[KDist√¢ncia atual: 10.40 cm[5;1H[KDist√¢ncia atual: 15.58 cm[5;1H[KDist√¢ncia atual: 8.92 cm[5;1H[KDist√¢ncia atual: 16.41 cm[5;1H[KDist√¢ncia atual: 11.41 cm[5;1H[KDist√¢ncia atual: 8.64 cm[5;1H[KDist√¢ncia atual: 15.96 cm[5;1H[KDist√¢ncia atual: 8.28 cm[5;1H[KDist√¢ncia atual: 13.01 cm[5;1H[KDist√¢ncia atual: 8.92 cm[5;1H[KDist√¢ncia atual: 11.48 cm[5;1H[KDist√¢ncia atual: 9.07 cm[5;1H[KDist√¢ncia atual: 14.42 cm[5;1H[KDist√¢ncia atual: 9.16 cm[5;1H[KDist√¢ncia atual: 9.62 cm[5;1H[KDist√¢ncia atual: 16.01 cm[5;1H[KDist√¢ncia atual: 6.48 cm[5;1H[KDist√¢ncia atual: 5.40 cm[5;1H[KDist√¢ncia atual: 15.58 cm[5;1H[KDist√¢ncia atual: 6.01 cm[5;1H[KDist√¢ncia atual: 6.89 cm[5;1H[KDist√¢ncia atual: 6.03 cm[5;1H[KDist√¢ncia atual: 7.32 cm[5;1H[KDist√¢ncia atual: 7.89 cm[5;1H[KDist√¢ncia atual: 9.11 cm[5;1H[KDist√¢ncia atual: 7.04 cm[5;1H[KDist√¢ncia atual: 8.33 cm[5;1H[KDist√¢ncia atual: 6.99 cm[5;1H[KDist√¢ncia atual: 6.29 cm[5;1H[KDist√¢ncia atual: 5.50 cm[5;1H[KDist√¢ncia atual: 8.83 cm[5;1H[KDist√¢ncia atual: 6.34 cm[5;1H[KDist√¢ncia atual: 7.92 cm[5;1H[KDist√¢ncia atual: 6.01 cm[5;1H[KDist√¢ncia atual: 10.34 cm[5;1H[KDist√¢ncia atual: 11.48 cm[5;1H[KDist√¢ncia atual: 6.96 cm[5;1H[KDist√¢ncia atual: 5.72 cm[5;1H[KDist√¢ncia atual: 6.99 cm[5;1H[KDist√¢ncia atual: 7.80 cm[5;1H[KDist√¢ncia atual: 5.81 cm[5;1H[KDist√¢ncia atual: 4.85 cm[5;1H[KDist√¢ncia atual: 7.25 cm[5;1H[KDist√¢ncia atual: 6.43 cm[5;1H[KDist√¢ncia atual: 7.13 cm[5;1H[KDist√¢ncia atual: 5.81 cm[5;1H[KDist√¢ncia atual: 8.83 cm[5;1H[KDist√¢ncia atual: 7.70 cm[5;1H[KDist√¢ncia atual: 8.64 cm[5;1H[KDist√¢ncia atual: 6.22 cm[5;1H[KDist√¢ncia atual: 6.99 cm[5;1H[KDist√¢ncia atual: 16.48 cm[5;1H[KDist√¢ncia atual: 8.38 cm[5;1H[KDist√¢ncia atual: 6.24 cm[5;1H[KDist√¢ncia atual: 16.05 cm[7;1H[KOp√ß√£o inv√°lida. Tente novamente.[4;19H[7;1H[KOp√ß√£o inv√°lida. Tente novamente.[4;19H[5;1H[KDist√¢ncia atual: 7.61 cm[5;1H[KDist√¢ncia atual: 6.34 cm[5;1H[KDist√¢ncia atual: 5.55 cm[5;1H[KDist√¢ncia atual: 7.78 cm[5;1H[KDist√¢ncia atual: 5.52 cm[5;1H[KDist√¢ncia atual: 7.78 cm[5;1H[KDist√¢ncia atual: 16.01 cm[7;1H[KValor calibrado: 15.58 cm[4;19H[7;1H[KValor calibrado: 15.58 cm[4;19H[7;1H[KValor calibrado: 16.46 cm[4;19H[7;1H[KValor calibrado: 16.00 cm[4;19H[7;1H[KValor calibrado: 15.58 cm[4;19H[7;1H[KValor calibrado: 15.58 cm[4;19H[7;1H[KOp√ß√£o inv√°lida. Tente novamente.[4;19H[5;1H[KDist√¢ncia atual: 17.82 cm[5;1H[KDist√¢ncia atual: 29.59 cm[0;31mE (386945) HC-SR04: ECHO permaneceu alto por mais de 100 ms[0m
[0;31mE (386945) HC-SR04: Erro na leitura do sensor.[0m
[0;31mE (387145) HC-SR04: ECHO permaneceu alto por mais de 100 ms[0m
[0;31mE (387145) HC-SR04: Erro na leitura do sensor.[0m
[0;31mE (387345) HC-SR04: ECHO permaneceu alto por mais de 100 ms[0m
[0;31mE (387345) HC-SR04: Erro na leitura do sensor.[0m
[5;1H[KDist√¢ncia atual: 20.67 cm[5;1H[KDist√¢ncia atual: 17.27 cm[5;1H[KDist√¢ncia atual: 19.85 cm[5;1H[KDist√¢ncia atual: 16.44 cm